// Jest Snapshot v1, https://goo.gl/fbAQLP

exports[`DemoExplorerSetup.vue Should display demo explorer setup page 1`] = `
<div class="container">
  <div class="v-dialog__container">
    <!---->
  </div>
  <div class="row">
    <div class="col">
      <div class="v-card v-sheet v-sheet--outlined theme--light">
        <div class="v-card__title justify-center">
          <h1 class="logo">Ethernal</h1>
        </div>
        <div class="v-card__text">
          <p>
            Ethernal is an open source block explorer for private EVM-based chains.
          </p>
          <p>
            This tool lets you generate a demo block explorer from a RPC url.
            It will stay up for 24h before getting deleted with all its data.<br><br>
            You will have the option to subscribe to a plan to keep it up and running longer.
          </p>
          <p>
            With the full version you'll be able to:
          <ul>
            <li>Use your own domain names</li>
            <li>Customize the logo, the colors, add links, change the font, etc...</li>
            <li>Display your native token total supply</li>
            <li>Update your RPC &amp; reset your explorer when needed</li>
          </ul>
          </p>
        </div>
      </div>
    </div>
  </div>
  <div class="row">
    <div class="col">
      <div class="v-card v-sheet v-sheet--outlined theme--light">
        <div class="v-card__title">Set Up My Explorer</div>
        <div class="v-card__text">
          <!---->
          <form novalidate="novalidate" class="v-form">
            <div class="row">
              <div class="col col-3">
                <div class="v-input mb-2 theme--light v-text-field v-text-field--enclosed v-text-field--outlined v-text-field--placeholder">
                  <div class="v-input__control">
                    <div class="v-input__slot">
                      <fieldset aria-hidden="true">
                        <legend style="width: 0px;"><span class="notranslate">​</span></legend>
                      </fieldset>
                      <div class="v-text-field__slot"><label for="input-9" class="v-label theme--light" style="left: 0px; position: absolute;">Explorer Name</label><input required="required" id="input-9" type="text"></div>
                    </div>
                    <div class="v-text-field__details">
                      <div class="v-messages theme--light">
                        <transition-group-stub tag="div" name="message-transition" class="v-messages__wrapper"></transition-group-stub>
                      </div>
                    </div>
                  </div>
                </div>
              </div>
              <div class="col col-6">
                <div class="v-input mb-2 theme--light v-text-field v-text-field--enclosed v-text-field--outlined v-text-field--placeholder">
                  <div class="v-input__control">
                    <div class="v-input__slot">
                      <fieldset aria-hidden="true">
                        <legend style="width: 0px;"><span class="notranslate">​</span></legend>
                      </fieldset>
                      <div class="v-text-field__slot"><label for="input-12" class="v-label theme--light" style="left: 0px; position: absolute;">RPC URL</label><input required="required" id="input-12" type="text"></div>
                    </div>
                    <div class="v-text-field__details">
                      <div class="v-messages theme--light">
                        <transition-group-stub tag="div" name="message-transition" class="v-messages__wrapper"></transition-group-stub>
                      </div>
                    </div>
                  </div>
                </div>
              </div>
              <div class="col col-3">
                <div class="v-input mb-2 v-input--is-label-active v-input--is-dirty theme--light v-text-field v-text-field--enclosed v-text-field--outlined v-text-field--placeholder">
                  <div class="v-input__control">
                    <div class="v-input__slot">
                      <fieldset aria-hidden="true">
                        <legend style="width: 0px;"><span class="notranslate">​</span></legend>
                      </fieldset>
                      <div class="v-text-field__slot"><label for="input-15" class="v-label v-label--active theme--light" style="left: 0px; position: absolute;">Native Token Name (optional)</label><input required="required" id="input-15" type="text"></div>
                    </div>
                    <div class="v-text-field__details">
                      <div class="v-messages theme--light">
                        <transition-group-stub tag="div" name="message-transition" class="v-messages__wrapper"></transition-group-stub>
                      </div>
                    </div>
                  </div>
                </div>
              </div>
            </div> <button type="submit" disabled="disabled" class="v-btn v-btn--disabled v-btn--has-bg theme--light v-size--large" style="width: 100%;"><span class="v-btn__content">Generate Explorer</span></button>
          </form>
        </div>
      </div>
    </div>
  </div>
</div>
`;
