// Jest Snapshot v1, https://goo.gl/fbAQLP

exports[`UpdateExplorerPlanModal.vue Should display plan selector 1`] = `
<div class="v-dialog__container">
  <div role="dialog" aria-modal="true" class="v-dialog__content v-dialog__content--active" style="z-index: 202;">
    <transition-stub name="dialog-transition" appear="true">
      <div tabindex="0" class="v-dialog v-dialog--active v-dialog--persistent" style="transform-origin: center center; max-width: 1800px;">
        <div class="v-card v-sheet theme--light">
          <div class="v-card__title">
            Select A Plan
            <div class="spacer"></div> <button type="button" class="v-btn v-btn--icon v-btn--round theme--light v-size--default"><span class="v-btn__content"><i aria-hidden="true" class="v-icon notranslate mdi mdi-close theme--light"></i></span></button>
          </div>
          <div class="v-card__text">
            <ul class="mb-4 pl-0" style="list-style: none;">
              <li>To setup crypto payment (Explorer 150 or above), reach out to contact@tryethernal.com.</li>
              <li>Each plan includes a 7 day free trial - No credit card needed.</li>
            </ul>
            <explorer-plan-selector-stub bestvalueslug="explorer-150" currentplanslug="100" stripesuccessurl="http://app.tryethernal.com/explorers/undefined?justCreated=true" stripecancelurl="http://app.tryethernal.com/explorers/undefined"></explorer-plan-selector-stub>
          </div>
        </div>
      </div>
    </transition-stub>
  </div>
</div>
`;
